Copyright 1986-2017 Xilinx, Inc. All Rights Reserved.
---------------------------------------------------------------------------------------------------------------------------------
| Tool Version : Vivado v.2017.2 (win64) Build 1909853 Thu Jun 15 18:39:09 MDT 2017
| Date         : Sun Sep 17 10:59:37 2017
| Host         : URB115-06 running 64-bit Service Pack 1  (build 7601)
| Command      : report_utilization -file microblaze_wrapper_utilization_placed.rpt -pb microblaze_wrapper_utilization_placed.pb
| Design       : microblaze_wrapper
| Device       : 7a100tcsg324-1
| Design State : Fully Placed
---------------------------------------------------------------------------------------------------------------------------------

Utilization Design Information

Table of Contents
-----------------
1. Slice Logic
1.1 Summary of Registers by Type
2. Slice Logic Distribution
3. Memory
4. DSP
5. IO and GT Specific
6. Clocking
7. Specific Feature
8. Primitives
9. Black Boxes
10. Instantiated Netlists

1. Slice Logic
--------------

+----------------------------+------+-------+-----------+-------+
|          Site Type         | Used | Fixed | Available | Util% |
+----------------------------+------+-------+-----------+-------+
| Slice LUTs                 | 1578 |     0 |     63400 |  2.49 |
|   LUT as Logic             | 1403 |     0 |     63400 |  2.21 |
|   LUT as Memory            |  175 |     0 |     19000 |  0.92 |
|     LUT as Distributed RAM |   96 |     0 |           |       |
|     LUT as Shift Register  |   79 |     0 |           |       |
| Slice Registers            | 1369 |     0 |    126800 |  1.08 |
|   Register as Flip Flop    | 1365 |     0 |    126800 |  1.08 |
|   Register as Latch        |    0 |     0 |    126800 |  0.00 |
|   Register as AND/OR       |    4 |     0 |    126800 | <0.01 |
| F7 Muxes                   |  109 |     0 |     31700 |  0.34 |
| F8 Muxes                   |    0 |     0 |     15850 |  0.00 |
+----------------------------+------+-------+-----------+-------+


1.1 Summary of Registers by Type
--------------------------------

+-------+--------------+-------------+--------------+
| Total | Clock Enable | Synchronous | Asynchronous |
+-------+--------------+-------------+--------------+
| 4     |            _ |           - |            - |
| 0     |            _ |           - |          Set |
| 0     |            _ |           - |        Reset |
| 0     |            _ |         Set |            - |
| 0     |            _ |       Reset |            - |
| 0     |          Yes |           - |            - |
| 6     |          Yes |           - |          Set |
| 239   |          Yes |           - |        Reset |
| 73    |          Yes |         Set |            - |
| 1047  |          Yes |       Reset |            - |
+-------+--------------+-------------+--------------+


2. Slice Logic Distribution
---------------------------

+-------------------------------------------+------+-------+-----------+-------+
|                 Site Type                 | Used | Fixed | Available | Util% |
+-------------------------------------------+------+-------+-----------+-------+
| Slice                                     |  583 |     0 |     15850 |  3.68 |
|   SLICEL                                  |  401 |     0 |           |       |
|   SLICEM                                  |  182 |     0 |           |       |
| LUT as Logic                              | 1403 |     0 |     63400 |  2.21 |
|   using O5 output only                    |    1 |       |           |       |
|   using O6 output only                    | 1207 |       |           |       |
|   using O5 and O6                         |  195 |       |           |       |
| LUT as Memory                             |  175 |     0 |     19000 |  0.92 |
|   LUT as Distributed RAM                  |   96 |     0 |           |       |
|     using O5 output only                  |    0 |       |           |       |
|     using O6 output only                  |    0 |       |           |       |
|     using O5 and O6                       |   96 |       |           |       |
|   LUT as Shift Register                   |   79 |     0 |           |       |
|     using O5 output only                  |    6 |       |           |       |
|     using O6 output only                  |   29 |       |           |       |
|     using O5 and O6                       |   44 |       |           |       |
| LUT Flip Flop Pairs                       |  589 |     0 |     63400 |  0.93 |
|   fully used LUT-FF pairs                 |   32 |       |           |       |
|   LUT-FF pairs with one unused LUT output |  495 |       |           |       |
|   LUT-FF pairs with one unused Flip Flop  |  467 |       |           |       |
| Unique Control Sets                       |   67 |       |           |       |
+-------------------------------------------+------+-------+-----------+-------+
* Note: Review the Control Sets Report for more information regarding control sets.


3. Memory
---------

+-------------------+------+-------+-----------+-------+
|     Site Type     | Used | Fixed | Available | Util% |
+-------------------+------+-------+-----------+-------+
| Block RAM Tile    |   18 |     0 |       135 | 13.33 |
|   RAMB36/FIFO*    |   18 |     0 |       135 | 13.33 |
|     RAMB36E1 only |   18 |       |           |       |
|   RAMB18          |    0 |     0 |       270 |  0.00 |
+-------------------+------+-------+-----------+-------+
* Note: Each Block RAM Tile only has one FIFO logic available and therefore can accommodate only one FIFO36E1 or one FIFO18E1. However, if a FIFO18E1 occupies a Block RAM Tile, that tile can still accommodate a RAMB18E1


4. DSP
------

+-----------+------+-------+-----------+-------+
| Site Type | Used | Fixed | Available | Util% |
+-----------+------+-------+-----------+-------+
| DSPs      |    0 |     0 |       240 |  0.00 |
+-----------+------+-------+-----------+-------+


5. IO and GT Specific
---------------------

+-----------------------------+------+-------+-----------+-------+
|          Site Type          | Used | Fixed | Available | Util% |
+-----------------------------+------+-------+-----------+-------+
| Bonded IOB                  |    4 |     4 |       210 |  1.90 |
|   IOB Master Pads           |    3 |       |           |       |
|   IOB Slave Pads            |    1 |       |           |       |
| Bonded IPADs                |    0 |     0 |         2 |  0.00 |
| PHY_CONTROL                 |    0 |     0 |         6 |  0.00 |
| PHASER_REF                  |    0 |     0 |         6 |  0.00 |
| OUT_FIFO                    |    0 |     0 |        24 |  0.00 |
| IN_FIFO                     |    0 |     0 |        24 |  0.00 |
| IDELAYCTRL                  |    0 |     0 |         6 |  0.00 |
| IBUFDS                      |    0 |     0 |       202 |  0.00 |
| PHASER_OUT/PHASER_OUT_PHY   |    0 |     0 |        24 |  0.00 |
| PHASER_IN/PHASER_IN_PHY     |    0 |     0 |        24 |  0.00 |
| IDELAYE2/IDELAYE2_FINEDELAY |    0 |     0 |       300 |  0.00 |
| ILOGIC                      |    0 |     0 |       210 |  0.00 |
| OLOGIC                      |    0 |     0 |       210 |  0.00 |
+-----------------------------+------+-------+-----------+-------+


6. Clocking
-----------

+------------+------+-------+-----------+-------+
|  Site Type | Used | Fixed | Available | Util% |
+------------+------+-------+-----------+-------+
| BUFGCTRL   |    3 |     0 |        32 |  9.38 |
| BUFIO      |    0 |     0 |        24 |  0.00 |
| MMCME2_ADV |    1 |     0 |         6 | 16.67 |
| PLLE2_ADV  |    0 |     0 |         6 |  0.00 |
| BUFMRCE    |    0 |     0 |        12 |  0.00 |
| BUFHCE     |    0 |     0 |        96 |  0.00 |
| BUFR       |    0 |     0 |        24 |  0.00 |
+------------+------+-------+-----------+-------+


7. Specific Feature
-------------------

+-------------+------+-------+-----------+-------+
|  Site Type  | Used | Fixed | Available | Util% |
+-------------+------+-------+-----------+-------+
| BSCANE2     |    1 |     0 |         4 | 25.00 |
| CAPTUREE2   |    0 |     0 |         1 |  0.00 |
| DNA_PORT    |    0 |     0 |         1 |  0.00 |
| EFUSE_USR   |    0 |     0 |         1 |  0.00 |
| FRAME_ECCE2 |    0 |     0 |         1 |  0.00 |
| ICAPE2      |    0 |     0 |         2 |  0.00 |
| PCIE_2_1    |    0 |     0 |         1 |  0.00 |
| STARTUPE2   |    0 |     0 |         1 |  0.00 |
| XADC        |    0 |     0 |         1 |  0.00 |
+-------------+------+-------+-----------+-------+


8. Primitives
-------------

+------------+------+---------------------+
|  Ref Name  | Used | Functional Category |
+------------+------+---------------------+
| FDRE       | 1047 |        Flop & Latch |
| LUT6       |  469 |                 LUT |
| LUT5       |  359 |                 LUT |
| LUT3       |  333 |                 LUT |
| LUT4       |  246 |                 LUT |
| FDCE       |  239 |        Flop & Latch |
| LUT2       |  174 |                 LUT |
| RAMD32     |  160 |  Distributed Memory |
| SRL16E     |  116 |  Distributed Memory |
| MUXF7      |  109 |               MuxFx |
| FDSE       |   73 |        Flop & Latch |
| CARRY4     |   48 |          CarryLogic |
| RAMS32     |   32 |  Distributed Memory |
| RAMB36E1   |   18 |        Block Memory |
| LUT1       |   17 |                 LUT |
| SRLC16E    |    7 |  Distributed Memory |
| FDPE       |    6 |        Flop & Latch |
| AND2B1L    |    4 |              Others |
| IBUF       |    3 |                  IO |
| BUFG       |    3 |               Clock |
| OBUF       |    1 |                  IO |
| MMCME2_ADV |    1 |               Clock |
| BSCANE2    |    1 |              Others |
+------------+------+---------------------+


9. Black Boxes
--------------

+----------+------+
| Ref Name | Used |
+----------+------+


10. Instantiated Netlists
-------------------------

+---------------------------------+------+
|             Ref Name            | Used |
+---------------------------------+------+
| microblaze_rst_clk_wiz_1_100M_0 |    1 |
| microblaze_microblaze_0_0       |    1 |
| microblaze_mdm_1_0              |    1 |
| microblaze_lmb_bram_0           |    1 |
| microblaze_ilmb_v10_0           |    1 |
| microblaze_ilmb_bram_if_cntlr_0 |    1 |
| microblaze_dlmb_v10_0           |    1 |
| microblaze_dlmb_bram_if_cntlr_0 |    1 |
| microblaze_clk_wiz_1_0          |    1 |
| microblaze_axi_uartlite_0_0     |    1 |
+---------------------------------+------+


