Copyright 1986-2017 Xilinx, Inc. All Rights Reserved.
-----------------------------------------------------------------------------------------------
| Tool Version : Vivado v.2017.2 (win64) Build 1909853 Thu Jun 15 18:39:09 MDT 2017
| Date         : Sun Sep 17 10:59:37 2017
| Host         : URB115-06 running 64-bit Service Pack 1  (build 7601)
| Command      : report_control_sets -verbose -file microblaze_wrapper_control_sets_placed.rpt
| Design       : microblaze_wrapper
| Device       : xc7a100t
-----------------------------------------------------------------------------------------------

Control Set Information

Table of Contents
-----------------
1. Summary
2. Flip-Flop Distribution
3. Detailed Control Set Information

1. Summary
----------

+----------------------------------------------------------+-------+
|                          Status                          | Count |
+----------------------------------------------------------+-------+
| Number of unique control sets                            |    67 |
| Unused register locations in slices containing registers |   227 |
+----------------------------------------------------------+-------+


2. Flip-Flop Distribution
-------------------------

+--------------+-----------------------+------------------------+-----------------+--------------+
| Clock Enable | Synchronous Set/Reset | Asynchronous Set/Reset | Total Registers | Total Slices |
+--------------+-----------------------+------------------------+-----------------+--------------+
| No           | No                    | No                     |             159 |           64 |
| No           | No                    | Yes                    |              29 |            7 |
| No           | Yes                   | No                     |             326 |          142 |
| Yes          | No                    | No                     |             224 |           62 |
| Yes          | No                    | Yes                    |              15 |            8 |
| Yes          | Yes                   | No                     |             612 |          207 |
+--------------+-----------------------+------------------------+-----------------+--------------+


3. Detailed Control Set Information
-----------------------------------

+---------------------------------------------------------------+--------------------------------------------------------------------------------------------------------------------------------------------------------------------------------------------------------------------+--------------------------------------------------------------------------------------------------------------------------------------------------------+------------------+----------------+
|                          Clock Signal                         |                                                                                                    Enable Signal                                                                                                   |                                                                    Set/Reset Signal                                                                    | Slice Load Count | Bel Load Count |
+---------------------------------------------------------------+--------------------------------------------------------------------------------------------------------------------------------------------------------------------------------------------------------------------+--------------------------------------------------------------------------------------------------------------------------------------------------------+------------------+----------------+
|  microblaze_i/mdm_1/U0/Use_E2.BSCAN_I/Ext_JTAG_UPDATE         | microblaze_i/microblaze_0/U0/MicroBlaze_Core_I/Performance.Core/Use_Debug_Logic.Master_Core.Debug_Perf/Control_Reg_En                                                                                              | microblaze_i/microblaze_0/U0/MicroBlaze_Core_I/Performance.Core/Use_Debug_Logic.Master_Core.Debug_Perf/Serial_Dbg_Intf.continue_from_brk_reg_n_0       |                1 |              1 |
|  microblaze_i/mdm_1/U0/Use_E2.BSCAN_I/Ext_JTAG_UPDATE         | microblaze_i/microblaze_0/U0/MicroBlaze_Core_I/Performance.Core/Use_Debug_Logic.Master_Core.Debug_Perf/Control_Reg_En                                                                                              | microblaze_i/microblaze_0/U0/MicroBlaze_Core_I/Performance.Core/Use_Debug_Logic.Master_Core.Debug_Perf/Serial_Dbg_Intf.normal_stop_cmd_i_reg_n_0       |                1 |              1 |
|  microblaze_i/mdm_1/U0/Use_E2.BSCAN_I/Ext_JTAG_UPDATE         | microblaze_i/microblaze_0/U0/MicroBlaze_Core_I/Performance.Core/Use_Debug_Logic.Master_Core.Debug_Perf/Control_Reg_En                                                                                              | microblaze_i/microblaze_0/U0/MicroBlaze_Core_I/Performance.Core/Use_Debug_Logic.Master_Core.Debug_Perf/Performace_Debug_Control.force_stop_cmd_1_reg_0 |                1 |              1 |
|  microblaze_i/mdm_1/U0/Use_E2.BSCAN_I/Ext_JTAG_UPDATE         | microblaze_i/microblaze_0/U0/MicroBlaze_Core_I/Performance.Core/Use_Debug_Logic.Master_Core.Debug_Perf/Control_Reg_En                                                                                              | microblaze_i/microblaze_0/U0/MicroBlaze_Core_I/Performance.Core/Use_Debug_Logic.Master_Core.Debug_Perf/start_single_step_reg_n_0                       |                1 |              1 |
| ~microblaze_i/mdm_1/U0/Use_E2.BSCAN_I/Ext_JTAG_UPDATE         |                                                                                                                                                                                                                    | microblaze_i/mdm_1/U0/MDM_Core_I1/JTAG_CONTROL_I/sel_n                                                                                                 |                1 |              1 |
| ~microblaze_i/mdm_1/U0/No_Dbg_Reg_Access.BUFG_DRCK/Dbg_Clk_31 | microblaze_i/mdm_1/U0/MDM_Core_I1/JTAG_CONTROL_I/Use_BSCAN.FDC_I/CE                                                                                                                                                | microblaze_i/mdm_1/U0/MDM_Core_I1/JTAG_CONTROL_I/Use_BSCAN.FDC_I/D_1                                                                                   |                1 |              1 |
|  microblaze_i/clk_wiz_1/inst/clk_out1                         | microblaze_i/microblaze_0/U0/MicroBlaze_Core_I/Performance.Core/Decode_I/Use_MuxCy[10].OF_Piperun_Stage/MUXCY_I/lopt_1                                                                                             |                                                                                                                                                        |                1 |              1 |
|  microblaze_i/clk_wiz_1/inst/clk_out1                         |                                                                                                                                                                                                                    | microblaze_i/microblaze_0/U0/MicroBlaze_Core_I/Performance.Core/Use_Debug_Logic.Master_Core.Debug_Perf/capture_1                                       |                1 |              1 |
|  microblaze_i/mdm_1/U0/No_Dbg_Reg_Access.BUFG_DRCK/Dbg_Clk_31 | microblaze_i/mdm_1/U0/Use_E2.BSCAN_I/Dbg_Capture_0                                                                                                                                                                 | microblaze_i/mdm_1/U0/MDM_Core_I1/JTAG_CONTROL_I/sel_reset                                                                                             |                1 |              1 |
|  microblaze_i/mdm_1/U0/Use_E2.BSCAN_I/Ext_JTAG_UPDATE         | microblaze_i/microblaze_0/U0/MicroBlaze_Core_I/Performance.Core/Use_Debug_Logic.Master_Core.Debug_Perf/Command_Reg_En                                                                                              | microblaze_i/microblaze_0/U0/MicroBlaze_Core_I/Performance.Core/Use_Debug_Logic.Master_Core.Debug_Perf/command_reg_clear                               |                1 |              2 |
|  microblaze_i/clk_wiz_1/inst/clk_out1                         | microblaze_i/microblaze_0/U0/MicroBlaze_Core_I/Performance.Core/Using_DCache.Using_WriteThrough.DCache_I1/mem_read_cache_miss_sel_carry_and/MUXCY_I/Read_Req                                                       | microblaze_i/microblaze_0/U0/MicroBlaze_Core_I/sync_reset                                                                                              |                1 |              2 |
|  microblaze_i/clk_wiz_1/inst/clk_out1                         | microblaze_i/microblaze_0/U0/MicroBlaze_Core_I/Performance.Core/Using_ICache.ICache_I1/Using_FPGA_FSL_1.tag_hit_comparator/Comp_Carry_Chain[5].MUXCY_I/Read_Req                                                    | microblaze_i/microblaze_0/U0/MicroBlaze_Core_I/sync_reset                                                                                              |                1 |              2 |
|  microblaze_i/mdm_1/U0/Use_E2.BSCAN_I/Ext_JTAG_UPDATE         |                                                                                                                                                                                                                    |                                                                                                                                                        |                2 |              3 |
|  microblaze_i/mdm_1/U0/Use_E2.BSCAN_I/Ext_JTAG_UPDATE         | microblaze_i/mdm_1/U0/MDM_Core_I1/MDM_SEL                                                                                                                                                                          | microblaze_i/mdm_1/U0/Use_E2.BSCAN_I/AR[0]                                                                                                             |                1 |              4 |
|  microblaze_i/clk_wiz_1/inst/clk_out1                         | microblaze_i/axi_uartlite_0/U0/UARTLITE_CORE_I/BAUD_RATE_I/en_16x_Baud                                                                                                                                             |                                                                                                                                                        |                2 |              4 |
|  microblaze_i/mdm_1/U0/Use_E2.BSCAN_I/Ext_JTAG_UPDATE         | microblaze_i/microblaze_0/U0/MicroBlaze_Core_I/Performance.Core/Use_Debug_Logic.Master_Core.Debug_Perf/Control_Reg_En                                                                                              |                                                                                                                                                        |                1 |              4 |
| ~microblaze_i/mdm_1/U0/Use_E2.BSCAN_I/Ext_JTAG_UPDATE         |                                                                                                                                                                                                                    | microblaze_i/mdm_1/U0/Use_E2.BSCAN_I/AR[0]                                                                                                             |                1 |              4 |
|  microblaze_i/clk_wiz_1/inst/clk_out1                         | microblaze_i/microblaze_0/U0/MicroBlaze_Core_I/Performance.Core/Using_ICache.ICache_I1/read_victim_valid_reg_n_0                                                                                                   | microblaze_i/microblaze_0/U0/MicroBlaze_Core_I/Performance.Core/Using_ICache.ICache_I1/Cache_Interface_I1/E[0]                                         |                2 |              4 |
|  microblaze_i/clk_wiz_1/inst/clk_out1                         | microblaze_i/microblaze_0/U0/MicroBlaze_Core_I/Performance.Core/Using_DCache.Using_WriteThrough.DCache_I1/Using_New_CacheInterface_for_AXI.Cache_Interface_I1/write_req_granted                                    | microblaze_i/microblaze_0/U0/MicroBlaze_Core_I/sync_reset                                                                                              |                1 |              4 |
|  microblaze_i/clk_wiz_1/inst/clk_out1                         | microblaze_i/microblaze_0/U0/MicroBlaze_Core_I/Performance.Core/Using_DCache.Using_WriteThrough.DCache_I1/Using_New_CacheInterface_for_AXI.Cache_Interface_I1/Using_AXI.Use_AXI_Write.aw_read_fifo_addr[0]_i_1_n_0 | microblaze_i/microblaze_0/U0/MicroBlaze_Core_I/sync_reset                                                                                              |                2 |              4 |
|  microblaze_i/mdm_1/U0/No_Dbg_Reg_Access.BUFG_DRCK/Dbg_Clk_31 | microblaze_i/mdm_1/U0/MDM_Core_I1/p_0_out                                                                                                                                                                          | microblaze_i/mdm_1/U0/Use_E2.BSCAN_I/AR[0]                                                                                                             |                1 |              4 |
|  microblaze_i/clk_wiz_1/inst/clk_out1                         | microblaze_i/axi_uartlite_0/U0/AXI_LITE_IPIF_I/I_SLAVE_ATTACHMENT/start2                                                                                                                                           | microblaze_i/axi_uartlite_0/U0/AXI_LITE_IPIF_I/I_SLAVE_ATTACHMENT/I_DECODER/cs_ce_clr                                                                  |                1 |              4 |
|  microblaze_i/clk_wiz_1/inst/clk_out1                         | microblaze_i/microblaze_0/U0/MicroBlaze_Core_I/Performance.Core/Decode_I/WB_PipeRun                                                                                                                                | microblaze_i/microblaze_0/U0/MicroBlaze_Core_I/sync_reset                                                                                              |                3 |              5 |
|  microblaze_i/clk_wiz_1/inst/clk_out1                         | microblaze_i/microblaze_0/U0/MicroBlaze_Core_I/Performance.Core/Decode_I/wb_Halted                                                                                                                                 | microblaze_i/microblaze_0/U0/MicroBlaze_Core_I/sync_reset                                                                                              |                3 |              5 |
|  microblaze_i/clk_wiz_1/inst/clk_out1                         |                                                                                                                                                                                                                    | microblaze_i/rst_clk_wiz_1_100M/U0/EXT_LPF/lpf_int                                                                                                     |                4 |              5 |
|  microblaze_i/mdm_1/U0/No_Dbg_Reg_Access.BUFG_DRCK/Dbg_Clk_31 | microblaze_i/mdm_1/U0/Use_E2.BSCAN_I/Use_Serial_Unified_Completion.count_reg[5]_0[0]                                                                                                                               |                                                                                                                                                        |                2 |              6 |
|  microblaze_i/mdm_1/U0/No_Dbg_Reg_Access.BUFG_DRCK/Dbg_Clk_31 | microblaze_i/mdm_1/U0/Use_E2.BSCAN_I/E[0]                                                                                                                                                                          |                                                                                                                                                        |                1 |              6 |
|  microblaze_i/clk_wiz_1/inst/clk_out1                         | microblaze_i/rst_clk_wiz_1_100M/U0/SEQ/seq_cnt_en                                                                                                                                                                  | microblaze_i/rst_clk_wiz_1_100M/U0/SEQ/SEQ_COUNTER/clear                                                                                               |                1 |              6 |
|  microblaze_i/mdm_1/U0/No_Dbg_Reg_Access.BUFG_DRCK/Dbg_Clk_31 | microblaze_i/mdm_1/U0/MDM_Core_I1/JTAG_CONTROL_I/Use_BSCAN.FDC_I/Use_Serial_Unified_Completion.sample_1_reg[10][0]                                                                                                 |                                                                                                                                                        |                1 |              6 |
|  microblaze_i/clk_wiz_1/inst/clk_out1                         |                                                                                                                                                                                                                    | microblaze_i/axi_uartlite_0/U0/UARTLITE_CORE_I/UARTLITE_TX_I/SRL_FIFO_I/I_SRL_FIFO_RBU_F/CNTR_INCR_DECR_ADDN_F_I/SS[0]                                 |                2 |              6 |
|  microblaze_i/clk_wiz_1/inst/clk_out1                         |                                                                                                                                                                                                                    | microblaze_i/axi_uartlite_0/U0/UARTLITE_CORE_I/UARTLITE_RX_I/SRL_FIFO_I/I_SRL_FIFO_RBU_F/CNTR_INCR_DECR_ADDN_F_I/SS[0]                                 |                2 |              6 |
|  microblaze_i/mdm_1/U0/Use_E2.BSCAN_I/Ext_JTAG_UPDATE         | microblaze_i/mdm_1/U0/MDM_Core_I1/JTAG_CONTROL_I/Use_BSCAN.FDC_I/command_1_reg[7]_0[0]                                                                                                                             |                                                                                                                                                        |                1 |              8 |
| ~microblaze_i/mdm_1/U0/Use_E2.BSCAN_I/Ext_JTAG_UPDATE         | microblaze_i/mdm_1/U0/MDM_Core_I1/JTAG_CONTROL_I/Use_BSCAN.command[0]_i_1_n_0                                                                                                                                      |                                                                                                                                                        |                2 |              8 |
|  microblaze_i/mdm_1/U0/No_Dbg_Reg_Access.BUFG_DRCK/Dbg_Clk_31 | microblaze_i/mdm_1/U0/MDM_Core_I1/JTAG_CONTROL_I/tdi_shifter0                                                                                                                                                      |                                                                                                                                                        |                2 |              8 |
|  microblaze_i/mdm_1/U0/No_Dbg_Reg_Access.BUFG_DRCK/Dbg_Clk_31 | microblaze_i/microblaze_0/U0/MicroBlaze_Core_I/Performance.Core/Use_Debug_Logic.Master_Core.Debug_Perf/Using_PC_Breakpoints.All_PC_Brks[0].Serial_Interface_1.address_hit_I/Compare[0].SRLC16E_I/which_pc          |                                                                                                                                                        |                7 |              8 |
|  microblaze_i/clk_wiz_1/inst/clk_out1                         | microblaze_i/axi_uartlite_0/U0/AXI_LITE_IPIF_I/I_SLAVE_ATTACHMENT/s_axi_rvalid                                                                                                                                     | microblaze_i/microblaze_0/U0/MicroBlaze_Core_I/sync_reset                                                                                              |                2 |              8 |
|  microblaze_i/clk_wiz_1/inst/clk_out1                         | microblaze_i/axi_uartlite_0/U0/AXI_LITE_IPIF_I/I_SLAVE_ATTACHMENT/s_axi_rdata_i                                                                                                                                    | microblaze_i/axi_uartlite_0/U0/AXI_LITE_IPIF_I/I_SLAVE_ATTACHMENT/rst                                                                                  |                3 |              8 |
|  microblaze_i/clk_wiz_1/inst/clk_out1                         | microblaze_i/axi_uartlite_0/U0/UARTLITE_CORE_I/UARTLITE_RX_I/SRL_FIFO_I/I_SRL_FIFO_RBU_F/DYNSHREG_F_I/fifo_wr                                                                                                      |                                                                                                                                                        |                1 |              8 |
|  microblaze_i/clk_wiz_1/inst/clk_out1                         | microblaze_i/axi_uartlite_0/U0/AXI_LITE_IPIF_I/I_SLAVE_ATTACHMENT/I_DECODER/fifo_wr                                                                                                                                |                                                                                                                                                        |                1 |              8 |
|  microblaze_i/clk_wiz_1/inst/clk_out1                         |                                                                                                                                                                                                                    | microblaze_i/axi_uartlite_0/U0/AXI_LITE_IPIF_I/I_SLAVE_ATTACHMENT/rst                                                                                  |                3 |              8 |
|  microblaze_i/mdm_1/U0/No_Dbg_Reg_Access.BUFG_DRCK/Dbg_Clk_31 | microblaze_i/mdm_1/U0/MDM_Core_I1/JTAG_CONTROL_I/Use_BSCAN.FDC_I/E[0]                                                                                                                                              |                                                                                                                                                        |                3 |             10 |
|  microblaze_i/clk_wiz_1/inst/clk_out1                         | microblaze_i/axi_uartlite_0/U0/UARTLITE_CORE_I/BAUD_RATE_I/en_16x_Baud                                                                                                                                             | microblaze_i/axi_uartlite_0/U0/UARTLITE_CORE_I/UARTLITE_RX_I/SR[0]                                                                                     |                2 |             10 |
|  microblaze_i/clk_wiz_1/inst/clk_out1                         | microblaze_i/microblaze_0/U0/MicroBlaze_Core_I/Performance.Core/Using_DCache.Using_WriteThrough.DCache_I1/Using_Latch_AS_Logic_1.AND2B1L_I1/E[0]                                                                   | microblaze_i/microblaze_0/U0/MicroBlaze_Core_I/sync_reset                                                                                              |                2 |             10 |
|  microblaze_i/clk_wiz_1/inst/clk_out1                         | microblaze_i/microblaze_0/U0/MicroBlaze_Core_I/Performance.Core/Using_DCache.Using_WriteThrough.DCache_I1/Using_New_CacheInterface_for_AXI.Cache_Interface_I1/SR[0]                                                | microblaze_i/microblaze_0/U0/MicroBlaze_Core_I/sync_reset                                                                                              |                3 |             10 |
|  microblaze_i/clk_wiz_1/inst/clk_out1                         | microblaze_i/microblaze_0/U0/MicroBlaze_Core_I/Performance.Core/Decode_I/PreFetch_Buffer_I1/OF_Valid_DFF/E[0]                                                                                                      | microblaze_i/microblaze_0/U0/MicroBlaze_Core_I/sync_reset                                                                                              |                6 |             16 |
|  microblaze_i/clk_wiz_1/inst/clk_out1                         | microblaze_i/microblaze_0/U0/MicroBlaze_Core_I/Performance.Core/mem_databus_ready_sel_carry_or/MUXCY_I/lopt_4                                                                                                      | microblaze_i/microblaze_0/U0/MicroBlaze_Core_I/sync_reset                                                                                              |                9 |             20 |
|  microblaze_i/mdm_1/U0/No_Dbg_Reg_Access.BUFG_DRCK/Dbg_Clk_31 |                                                                                                                                                                                                                    | microblaze_i/mdm_1/U0/Use_E2.BSCAN_I/shift_n_reset                                                                                                     |                4 |             23 |
|  microblaze_i/clk_wiz_1/inst/clk_out1                         | microblaze_i/microblaze_0/U0/MicroBlaze_Core_I/Performance.Core/Using_ICache.ICache_I1/Using_FPGA_FSL_1.tag_hit_comparator/Comp_Carry_Chain[5].MUXCY_I/E[0]                                                        | microblaze_i/microblaze_0/U0/MicroBlaze_Core_I/sync_reset                                                                                              |                5 |             26 |
|  microblaze_i/clk_wiz_1/inst/clk_out1                         | microblaze_i/microblaze_0/U0/MicroBlaze_Core_I/Performance.Core/Using_ICache.ICache_I1/Cache_Interface_I1/E[0]                                                                                                     |                                                                                                                                                        |                6 |             26 |
|  microblaze_i/clk_wiz_1/inst/clk_out1                         |                                                                                                                                                                                                                    | microblaze_i/axi_uartlite_0/U0/UARTLITE_CORE_I/UARTLITE_RX_I/SR[0]                                                                                     |                8 |             27 |
|  microblaze_i/clk_wiz_1/inst/clk_out1                         | microblaze_i/microblaze_0/U0/MicroBlaze_Core_I/Performance.Core/Decode_I/Using_ICache_Carry_Chain.ib_addr_strobe_i_carry_or/MUXCY_I/lopt_4                                                                         |                                                                                                                                                        |               14 |             28 |
|  microblaze_i/clk_wiz_1/inst/clk_out1                         | microblaze_i/microblaze_0/U0/MicroBlaze_Core_I/Performance.Core/Decode_I/Use_MuxCy[2].OF_Piperun_Stage/MUXCY_I/lopt_1                                                                                              | microblaze_i/microblaze_0/U0/MicroBlaze_Core_I/Performance.Core/Decode_I/R                                                                             |               15 |             32 |
|  microblaze_i/mdm_1/U0/No_Dbg_Reg_Access.BUFG_DRCK/Dbg_Clk_31 | microblaze_i/microblaze_0/U0/MicroBlaze_Core_I/Performance.Core/Use_Debug_Logic.Master_Core.Debug_Perf/New_Dbg_Instr_TCK                                                                                           |                                                                                                                                                        |               10 |             32 |
|  microblaze_i/clk_wiz_1/inst/clk_out1                         | microblaze_i/microblaze_0/U0/MicroBlaze_Core_I/Performance.Core/Use_Debug_Logic.Master_Core.Debug_Perf/data_rd_reg[0]_i_1_n_0                                                                                      | microblaze_i/microblaze_0/U0/MicroBlaze_Core_I/sync_reset                                                                                              |               10 |             32 |
|  microblaze_i/clk_wiz_1/inst/clk_out1                         | microblaze_i/microblaze_0/U0/MicroBlaze_Core_I/Performance.Core/Decode_I/jump_logic_I1/MUXCY_JUMP_CARRY6/if_pc_reg[0][0]                                                                                           | microblaze_i/microblaze_0/U0/MicroBlaze_Core_I/sync_reset                                                                                              |                9 |             32 |
|  microblaze_i/clk_wiz_1/inst/clk_out1                         | microblaze_i/microblaze_0/U0/MicroBlaze_Core_I/Performance.Core/mem_databus_ready_sel_carry_or/MUXCY_I/lopt_4                                                                                                      |                                                                                                                                                        |                6 |             32 |
|  microblaze_i/clk_wiz_1/inst/clk_out1                         | microblaze_i/microblaze_0/U0/MicroBlaze_Core_I/Performance.Core/mem_databus_ready_sel_carry_or/MUXCY_I/lopt_4                                                                                                      | microblaze_i/microblaze_0/U0/MicroBlaze_Core_I/Performance.Core/Decode_I/SR[0]                                                                         |                8 |             32 |
|  microblaze_i/clk_wiz_1/inst/clk_out1                         |                                                                                                                                                                                                                    | microblaze_i/microblaze_0/U0/MicroBlaze_Core_I/Performance.Core/Use_DLMB.wb_dlmb_valid_read_data[0]_i_1_n_0                                            |               13 |             32 |
|  microblaze_i/clk_wiz_1/inst/clk_out1                         | microblaze_i/microblaze_0/U0/MicroBlaze_Core_I/Performance.Core/Decode_I/Use_MuxCy[3].OF_Piperun_Stage/MUXCY_I/E[0]                                                                                                | microblaze_i/microblaze_0/U0/MicroBlaze_Core_I/sync_reset                                                                                              |                6 |             32 |
|  microblaze_i/mdm_1/U0/No_Dbg_Reg_Access.BUFG_DRCK/Dbg_Clk_31 | microblaze_i/mdm_1/U0/Use_E2.BSCAN_I/Dbg_Capture_0                                                                                                                                                                 |                                                                                                                                                        |               11 |             47 |
|  microblaze_i/clk_wiz_1/inst/clk_out1                         | microblaze_i/microblaze_0/U0/MicroBlaze_Core_I/Performance.Core/Decode_I/Using_ICache_Carry_Chain.Using_Latch_AS_Logic.AND2B1L_I1/if_ready                                                                         |                                                                                                                                                        |               11 |             75 |
|  microblaze_i/mdm_1/U0/No_Dbg_Reg_Access.BUFG_DRCK/Dbg_Clk_31 |                                                                                                                                                                                                                    |                                                                                                                                                        |               29 |             80 |
|  microblaze_i/clk_wiz_1/inst/clk_out1                         | microblaze_i/microblaze_0/U0/MicroBlaze_Core_I/Performance.Core/Decode_I/Use_MuxCy[2].OF_Piperun_Stage/MUXCY_I/lopt_1                                                                                              | microblaze_i/microblaze_0/U0/MicroBlaze_Core_I/sync_reset                                                                                              |               38 |             89 |
|  microblaze_i/clk_wiz_1/inst/clk_out1                         | microblaze_i/microblaze_0/U0/MicroBlaze_Core_I/Performance.Core/Decode_I/D[34]                                                                                                                                     |                                                                                                                                                        |               16 |            128 |
|  microblaze_i/clk_wiz_1/inst/clk_out1                         |                                                                                                                                                                                                                    |                                                                                                                                                        |               48 |            162 |
|  microblaze_i/clk_wiz_1/inst/clk_out1                         | microblaze_i/microblaze_0/U0/MicroBlaze_Core_I/Performance.Core/Decode_I/Use_MuxCy[10].OF_Piperun_Stage/MUXCY_I/lopt_1                                                                                             | microblaze_i/microblaze_0/U0/MicroBlaze_Core_I/sync_reset                                                                                              |               73 |            218 |
|  microblaze_i/clk_wiz_1/inst/clk_out1                         |                                                                                                                                                                                                                    | microblaze_i/microblaze_0/U0/MicroBlaze_Core_I/sync_reset                                                                                              |              110 |            242 |
+---------------------------------------------------------------+--------------------------------------------------------------------------------------------------------------------------------------------------------------------------------------------------------------------+--------------------------------------------------------------------------------------------------------------------------------------------------------+------------------+----------------+


+--------+-----------------------+
| Fanout | Number of ControlSets |
+--------+-----------------------+
| 1      |                     9 |
| 2      |                     3 |
| 3      |                     1 |
| 4      |                     9 |
| 5      |                     3 |
| 6      |                     6 |
| 8      |                     9 |
| 10     |                     4 |
| 16+    |                    23 |
+--------+-----------------------+


